// Jest Snapshot v1, https://goo.gl/fbAQLP

exports[`PageNotFoundPage has no unexpected changes 1`] = `
<DocumentFragment>
  <h1
    class="chakra-heading css-1itv5e3"
  >
    Page not found
  </h1>
  <p
    class="chakra-text css-0"
  >
    The page you requested does not exist.
  </p>
</DocumentFragment>
`;
