// Jest Snapshot v1, https://goo.gl/fbAQLP

exports[`Variant Table has no unexpected changes 1`] = `
<DocumentFragment>
  <div
    style="position: relative; height: 1049px; width: 100%; overflow: auto; will-change: transform; direction: ltr; overflow-x: hidden;"
  >
    <div
      style="height: 350px; width: 100%;"
    />
  </div>
  <table
    class="chakra-table css-tl2dr7"
    role="table"
  >
    <thead
      class="css-0"
    >
      <tr
        class="css-rucckn"
        role="row"
      >
        <th
          class="css-0"
          scope="col"
          style="position: relative;"
        >
          <label
            class="chakra-checkbox css-1uiwwan"
            style="height: 100%;"
          >
            <input
              class="chakra-checkbox__input"
              style="border: 0px; clip: rect(0px, 0px, 0px, 0px); height: 1px; width: 1px; margin: -1px; padding: 0px; overflow: hidden; white-space: nowrap; position: absolute;"
              type="checkbox"
              value=""
            />
            <span
              aria-hidden="true"
              class="chakra-checkbox__control css-dnty2r"
              data-indeterminate=""
            >
              <div
                style="display: flex; align-items: center; justify-content: center; height: 100%; transform: none;"
              >
                <svg
                  class="css-f5ntj6"
                  style="stroke: currentColor; stroke-width: 4; opacity: 1; transform: none;"
                  viewBox="0 0 24 24"
                >
                  <line
                    x1="21"
                    x2="3"
                    y1="12"
                    y2="12"
                  />
                </svg>
              </div>
            </span>
            <span
              class="chakra-checkbox__label css-1oeb2oe"
            >
              <span
                class="css-f8n5zr"
              >
                Include variants in calculations
              </span>
            </span>
          </label>
        </th>
        <th
          class="css-0"
          scope="col"
          style="position: relative; width: 60px; height: 100%;"
        >
          <span
            style="position: absolute; top: calc(50% - 10px);"
          >
            Note
          </span>
        </th>
        <th
          class="css-0"
          scope="col"
          style="position: relative; width: 190px; height: 100%;"
        >
          <button
            style="display: block; width: 100%; height: 100%; appearance: none; font-weight: inherit; text-align: start;"
          >
            Variant ID
          </button>
        </th>
        <th
          class="css-0"
          scope="col"
          style="position: relative; width: 110px; height: 100%;"
        >
          <button
            style="display: block; width: 100%; height: 100%; appearance: none; font-weight: inherit; text-align: start;"
          >
            Gene
          </button>
        </th>
        <th
          class="css-0"
          scope="col"
          style="position: relative; width: 110px; height: 100%;"
        >
          <button
            style="display: block; width: 100%; height: 100%; appearance: none; font-weight: inherit; text-align: start;"
          >
            Transcript
          </button>
        </th>
        <th
          class="css-0"
          scope="col"
          style="position: relative; width: 170px; height: 100%;"
        >
          <button
            style="display: block; width: 100%; height: 100%; appearance: none; font-weight: inherit; text-align: start;"
          >
            VEP consequence
          </button>
        </th>
        <th
          class="css-0"
          scope="col"
          style="position: relative; width: 80px; height: 100%;"
        >
          <button
            style="display: block; width: 100%; height: 100%; appearance: none; font-weight: inherit; text-align: start;"
          >
            LOFTEE
          </button>
        </th>
        <th
          class="css-0"
          scope="col"
          style="position: relative; width: 140px; height: 100%;"
        >
          <button
            style="display: block; width: 100%; height: 100%; appearance: none; font-weight: inherit; text-align: start;"
          >
            HGVSc
          </button>
        </th>
        <th
          class="css-0"
          scope="col"
          style="position: relative; width: 140px; height: 100%;"
        >
          <button
            style="display: block; width: 100%; height: 100%; appearance: none; font-weight: inherit; text-align: start;"
          >
            HGVSp
          </button>
        </th>
        <th
          class="css-0"
          scope="col"
          style="position: relative; width: 150px; height: 100%;"
        >
          <button
            style="display: block; width: 100%; height: 100%; appearance: none; font-weight: inherit; text-align: start;"
          >
            Clinical significance
          </button>
        </th>
        <th
          class="css-0"
          data-is-numeric="true"
          scope="col"
          style="position: relative; width: 130px; height: 100%;"
        >
          <button
            style="display: block; width: 100%; height: 100%; appearance: none; font-weight: inherit; text-align: start;"
          >
            Allele count
          </button>
        </th>
        <th
          class="css-0"
          data-is-numeric="true"
          scope="col"
          style="position: relative; width: 120px; height: 100%;"
        >
          <button
            style="display: block; width: 100%; height: 100%; appearance: none; font-weight: inherit; text-align: start;"
          >
            Allele number
          </button>
        </th>
        <th
          aria-sort="descending"
          class="css-0"
          data-is-numeric="true"
          scope="col"
          style="position: relative; width: 140px; height: 100%;"
        >
          <button
            style="display: block; width: 100%; height: 100%; appearance: none; font-weight: inherit; text-align: start;"
          >
            Allele frequency
          </button>
          <span
            style="position: absolute; right: 3px; top: calc(50% - 10px);"
          >
            <svg
              class="chakra-icon css-onkibi"
              focusable="false"
              viewBox="0 0 24 24"
            >
              <path
                d="M20 12l-1.41-1.41L13 16.17V4h-2v12.17l-5.58-5.59L4 12l8 8 8-8z"
                fill="currentColor"
              />
            </svg>
          </span>
        </th>
        <th
          class="css-0"
          scope="col"
          style="position: relative; width: 150px; height: 100%;"
        >
          <button
            style="display: block; width: 100%; height: 100%; appearance: none; font-weight: inherit; text-align: start;"
          >
            Source
          </button>
        </th>
        <th
          class="css-0"
          data-is-numeric="false"
          scope="col"
          style="position: relative; width: 100px; height: 100%; display: flex; align-items: center; justify-content: space-between;"
        >
          <span
            style="white-space: nowrap;"
          >
            Exclude
          </span>
          <svg
            class="chakra-icon css-onkibi"
            focusable="false"
            viewBox="0 0 24 24"
          >
            <path
              d="M12,0A12,12,0,1,0,24,12,12.013,12.013,0,0,0,12,0Zm0,19a1.5,1.5,0,1,1,1.5-1.5A1.5,1.5,0,0,1,12,19Zm1.6-6.08a1,1,0,0,0-.6.917,1,1,0,1,1-2,0,3,3,0,0,1,1.8-2.75A2,2,0,1,0,10,9.255a1,1,0,1,1-2,0,4,4,0,1,1,5.6,3.666Z"
              fill="currentColor"
            />
          </svg>
        </th>
      </tr>
    </thead>
    <tbody
      class="css-0"
    >
      <tr
        class="css-11ta1vk"
        role="row"
        style="position: absolute; left: 0px; top: 0px; height: 70px; width: 100%;"
      >
        <td
          class="css-i7qwz0"
          role="gridcell"
        >
          <label
            class="chakra-checkbox css-1uiwwan"
          >
            <input
              aria-disabled="false"
              class="chakra-checkbox__input"
              style="border: 0px; clip: rect(0px, 0px, 0px, 0px); height: 1px; width: 1px; margin: -1px; padding: 0px; overflow: hidden; white-space: nowrap; position: absolute;"
              type="checkbox"
              value=""
            />
            <span
              aria-hidden="true"
              class="chakra-checkbox__control css-dnty2r"
            />
            <span
              class="chakra-checkbox__label css-1oeb2oe"
            >
              <span
                class="css-f8n5zr"
              >
                Include this variant in calculations
              </span>
            </span>
          </label>
        </td>
        <td
          class="css-12lsreq"
          role="gridcell"
        />
        <td
          class="css-1y7yn9h"
          role="gridcell"
        >
          <span
            style="display: inline-block; max-width: 190px; overflow: hidden; text-overflow: ellipsis; white-space: nowrap;"
          >
            <a
              class="chakra-link css-0"
              href="https://gnomad.broadinstitute.org/variant/12-567-A-C?dataset=gnomad_r2_1"
              rel="noopener noreferrer"
              target="_blank"
            >
              12-567-A-C
            </a>
          </span>
        </td>
        <td
          class="css-1p7j3u3"
          role="gridcell"
        />
        <td
          class="css-1p7j3u3"
          role="gridcell"
        />
        <td
          class="css-grmld7"
          role="gridcell"
        />
        <td
          class="css-b9nz67"
          role="gridcell"
        />
        <td
          class="css-5gkx6n"
          role="gridcell"
        >
          <span
            style="display: inline-block; max-width: 110px; overflow: hidden; text-overflow: ellipsis; white-space: nowrap;"
          />
        </td>
        <td
          class="css-5gkx6n"
          role="gridcell"
        >
          <span
            style="display: inline-block; max-width: 110px; overflow: hidden; text-overflow: ellipsis; white-space: nowrap;"
          />
        </td>
        <td
          class="css-cdmfs8"
          role="gridcell"
        />
        <td
          class="css-1y5g8v1"
          data-is-numeric="true"
          role="gridcell"
        >
          <div
            class="css-afqgfm"
          >
            <span>
              0
            </span>
          </div>
        </td>
        <td
          class="css-q6ncm1"
          data-is-numeric="true"
          role="gridcell"
        >
          <div
            class="css-1y4kgfw"
          >
            0
          </div>
        </td>
        <td
          class="css-5gkx6n"
          data-is-numeric="true"
          role="gridcell"
        >
          <div
            class="css-1y4kgfw"
          >
            0
          </div>
        </td>
        <td
          class="css-cdmfs8"
          role="gridcell"
        >
          Custom
        </td>
        <td
          class="css-i7qwz0"
          role="gridcell"
        >
          <label
            class="chakra-checkbox css-1uiwwan"
          >
            <input
              class="chakra-checkbox__input"
              style="border: 0px; clip: rect(0px, 0px, 0px, 0px); height: 1px; width: 1px; margin: -1px; padding: 0px; overflow: hidden; white-space: nowrap; position: absolute;"
              type="checkbox"
              value=""
            />
            <span
              aria-hidden="true"
              class="chakra-checkbox__control css-dnty2r"
            />
            <span
              class="chakra-checkbox__label css-1oeb2oe"
            >
              <span
                class="css-f8n5zr"
              >
                Exclude this variant from calculations
              </span>
            </span>
          </label>
        </td>
      </tr>
      <tr
        class="css-11ta1vk"
        role="row"
        style="position: absolute; left: 0px; top: 70px; height: 70px; width: 100%;"
      >
        <td
          class="css-i7qwz0"
          role="gridcell"
        >
          <label
            class="chakra-checkbox css-1uiwwan"
          >
            <input
              aria-disabled="false"
              class="chakra-checkbox__input"
              style="border: 0px; clip: rect(0px, 0px, 0px, 0px); height: 1px; width: 1px; margin: -1px; padding: 0px; overflow: hidden; white-space: nowrap; position: absolute;"
              type="checkbox"
              value=""
            />
            <span
              aria-hidden="true"
              class="chakra-checkbox__control css-dnty2r"
            />
            <span
              class="chakra-checkbox__label css-1oeb2oe"
            >
              <span
                class="css-f8n5zr"
              >
                Include this variant in calculations
              </span>
            </span>
          </label>
        </td>
        <td
          class="css-12lsreq"
          role="gridcell"
        />
        <td
          class="css-1y7yn9h"
          role="gridcell"
        >
          <span
            style="display: inline-block; max-width: 190px; overflow: hidden; text-overflow: ellipsis; white-space: nowrap;"
          >
            <a
              class="chakra-link css-0"
              href="https://gnomad.broadinstitute.org/variant/12-456-A-C?dataset=gnomad_r2_1"
              rel="noopener noreferrer"
              target="_blank"
            >
              12-456-A-C
            </a>
          </span>
        </td>
        <td
          class="css-1p7j3u3"
          role="gridcell"
        />
        <td
          class="css-1p7j3u3"
          role="gridcell"
        />
        <td
          class="css-grmld7"
          role="gridcell"
        />
        <td
          class="css-b9nz67"
          role="gridcell"
        />
        <td
          class="css-5gkx6n"
          role="gridcell"
        >
          <span
            style="display: inline-block; max-width: 110px; overflow: hidden; text-overflow: ellipsis; white-space: nowrap;"
          />
        </td>
        <td
          class="css-5gkx6n"
          role="gridcell"
        >
          <span
            style="display: inline-block; max-width: 110px; overflow: hidden; text-overflow: ellipsis; white-space: nowrap;"
          />
        </td>
        <td
          class="css-cdmfs8"
          role="gridcell"
        />
        <td
          class="css-1y5g8v1"
          data-is-numeric="true"
          role="gridcell"
        >
          <div
            class="css-afqgfm"
          >
            <span>
              0
            </span>
          </div>
        </td>
        <td
          class="css-q6ncm1"
          data-is-numeric="true"
          role="gridcell"
        >
          <div
            class="css-1y4kgfw"
          >
            0
          </div>
        </td>
        <td
          class="css-5gkx6n"
          data-is-numeric="true"
          role="gridcell"
        >
          <div
            class="css-1y4kgfw"
          >
            0
          </div>
        </td>
        <td
          class="css-cdmfs8"
          role="gridcell"
        >
          Custom
        </td>
        <td
          class="css-i7qwz0"
          role="gridcell"
        >
          <label
            class="chakra-checkbox css-1uiwwan"
          >
            <input
              class="chakra-checkbox__input"
              style="border: 0px; clip: rect(0px, 0px, 0px, 0px); height: 1px; width: 1px; margin: -1px; padding: 0px; overflow: hidden; white-space: nowrap; position: absolute;"
              type="checkbox"
              value=""
            />
            <span
              aria-hidden="true"
              class="chakra-checkbox__control css-dnty2r"
            />
            <span
              class="chakra-checkbox__label css-1oeb2oe"
            >
              <span
                class="css-f8n5zr"
              >
                Exclude this variant from calculations
              </span>
            </span>
          </label>
        </td>
      </tr>
      <tr
        class="css-11ta1vk"
        role="row"
        style="position: absolute; left: 0px; top: 140px; height: 70px; width: 100%;"
      >
        <td
          class="css-i7qwz0"
          role="gridcell"
        >
          <label
            class="chakra-checkbox css-1uiwwan"
          >
            <input
              aria-disabled="false"
              class="chakra-checkbox__input"
              style="border: 0px; clip: rect(0px, 0px, 0px, 0px); height: 1px; width: 1px; margin: -1px; padding: 0px; overflow: hidden; white-space: nowrap; position: absolute;"
              type="checkbox"
              value=""
            />
            <span
              aria-hidden="true"
              class="chakra-checkbox__control css-dnty2r"
            />
            <span
              class="chakra-checkbox__label css-1oeb2oe"
            >
              <span
                class="css-f8n5zr"
              >
                Include this variant in calculations
              </span>
            </span>
          </label>
        </td>
        <td
          class="css-12lsreq"
          role="gridcell"
        />
        <td
          class="css-1y7yn9h"
          role="gridcell"
        >
          <span
            style="display: inline-block; max-width: 190px; overflow: hidden; text-overflow: ellipsis; white-space: nowrap;"
          >
            <a
              class="chakra-link css-0"
              href="https://gnomad.broadinstitute.org/variant/12-345-A-C?dataset=gnomad_r2_1"
              rel="noopener noreferrer"
              target="_blank"
            >
              12-345-A-C
            </a>
          </span>
        </td>
        <td
          class="css-1p7j3u3"
          role="gridcell"
        />
        <td
          class="css-1p7j3u3"
          role="gridcell"
        />
        <td
          class="css-grmld7"
          role="gridcell"
        />
        <td
          class="css-b9nz67"
          role="gridcell"
        />
        <td
          class="css-5gkx6n"
          role="gridcell"
        >
          <span
            style="display: inline-block; max-width: 110px; overflow: hidden; text-overflow: ellipsis; white-space: nowrap;"
          />
        </td>
        <td
          class="css-5gkx6n"
          role="gridcell"
        >
          <span
            style="display: inline-block; max-width: 110px; overflow: hidden; text-overflow: ellipsis; white-space: nowrap;"
          />
        </td>
        <td
          class="css-cdmfs8"
          role="gridcell"
        />
        <td
          class="css-1y5g8v1"
          data-is-numeric="true"
          role="gridcell"
        >
          <div
            class="css-afqgfm"
          >
            <span>
              0
            </span>
          </div>
        </td>
        <td
          class="css-q6ncm1"
          data-is-numeric="true"
          role="gridcell"
        >
          <div
            class="css-1y4kgfw"
          >
            0
          </div>
        </td>
        <td
          class="css-5gkx6n"
          data-is-numeric="true"
          role="gridcell"
        >
          <div
            class="css-1y4kgfw"
          >
            0
          </div>
        </td>
        <td
          class="css-cdmfs8"
          role="gridcell"
        >
          Custom
        </td>
        <td
          class="css-i7qwz0"
          role="gridcell"
        >
          <label
            class="chakra-checkbox css-1uiwwan"
          >
            <input
              class="chakra-checkbox__input"
              style="border: 0px; clip: rect(0px, 0px, 0px, 0px); height: 1px; width: 1px; margin: -1px; padding: 0px; overflow: hidden; white-space: nowrap; position: absolute;"
              type="checkbox"
              value=""
            />
            <span
              aria-hidden="true"
              class="chakra-checkbox__control css-dnty2r"
            />
            <span
              class="chakra-checkbox__label css-1oeb2oe"
            >
              <span
                class="css-f8n5zr"
              >
                Exclude this variant from calculations
              </span>
            </span>
          </label>
        </td>
      </tr>
      <tr
        class="css-11ta1vk"
        role="row"
        style="position: absolute; left: 0px; top: 210px; height: 70px; width: 100%;"
      >
        <td
          class="css-i7qwz0"
          role="gridcell"
        >
          <label
            class="chakra-checkbox css-1uiwwan"
          >
            <input
              aria-disabled="false"
              checked=""
              class="chakra-checkbox__input"
              style="border: 0px; clip: rect(0px, 0px, 0px, 0px); height: 1px; width: 1px; margin: -1px; padding: 0px; overflow: hidden; white-space: nowrap; position: absolute;"
              type="checkbox"
              value=""
            />
            <span
              aria-hidden="true"
              class="chakra-checkbox__control css-dnty2r"
              data-checked=""
            >
              <div
                style="display: flex; align-items: center; justify-content: center; height: 100%; transform: none;"
              >
                <svg
                  class="css-f5ntj6"
                  style="fill: none; stroke-width: 2; stroke: currentColor; stroke-dasharray: 16; opacity: 1; stroke-dashoffset: 0;"
                  viewBox="0 0 12 10"
                >
                  <polyline
                    points="1.5 6 4.5 9 10.5 1"
                  />
                </svg>
              </div>
            </span>
            <span
              class="chakra-checkbox__label css-1oeb2oe"
              data-checked=""
            >
              <span
                class="css-f8n5zr"
              >
                Include this variant in calculations
              </span>
            </span>
          </label>
        </td>
        <td
          class="css-12lsreq"
          role="gridcell"
        />
        <td
          class="css-1y7yn9h"
          role="gridcell"
        >
          <span
            style="display: inline-block; max-width: 190px; overflow: hidden; text-overflow: ellipsis; white-space: nowrap;"
          >
            <a
              class="chakra-link css-0"
              href="https://gnomad.broadinstitute.org/variant/12-234-A-C?dataset=gnomad_r2_1"
              rel="noopener noreferrer"
              target="_blank"
            >
              12-234-A-C
            </a>
          </span>
        </td>
        <td
          class="css-1p7j3u3"
          role="gridcell"
        />
        <td
          class="css-1p7j3u3"
          role="gridcell"
        />
        <td
          class="css-grmld7"
          role="gridcell"
        />
        <td
          class="css-b9nz67"
          role="gridcell"
        />
        <td
          class="css-5gkx6n"
          role="gridcell"
        >
          <span
            style="display: inline-block; max-width: 110px; overflow: hidden; text-overflow: ellipsis; white-space: nowrap;"
          />
        </td>
        <td
          class="css-5gkx6n"
          role="gridcell"
        >
          <span
            style="display: inline-block; max-width: 110px; overflow: hidden; text-overflow: ellipsis; white-space: nowrap;"
          />
        </td>
        <td
          class="css-cdmfs8"
          role="gridcell"
        />
        <td
          class="css-1y5g8v1"
          data-is-numeric="true"
          role="gridcell"
        >
          <div
            class="css-afqgfm"
          >
            <span>
              0
            </span>
          </div>
        </td>
        <td
          class="css-q6ncm1"
          data-is-numeric="true"
          role="gridcell"
        >
          <div
            class="css-1y4kgfw"
          >
            0
          </div>
        </td>
        <td
          class="css-5gkx6n"
          data-is-numeric="true"
          role="gridcell"
        >
          <div
            class="css-1y4kgfw"
          >
            0
          </div>
        </td>
        <td
          class="css-cdmfs8"
          role="gridcell"
        >
          Custom
        </td>
        <td
          class="css-i7qwz0"
          role="gridcell"
        >
          <label
            class="chakra-checkbox css-1uiwwan"
          >
            <input
              class="chakra-checkbox__input"
              style="border: 0px; clip: rect(0px, 0px, 0px, 0px); height: 1px; width: 1px; margin: -1px; padding: 0px; overflow: hidden; white-space: nowrap; position: absolute;"
              type="checkbox"
              value=""
            />
            <span
              aria-hidden="true"
              class="chakra-checkbox__control css-dnty2r"
            />
            <span
              class="chakra-checkbox__label css-1oeb2oe"
            >
              <span
                class="css-f8n5zr"
              >
                Exclude this variant from calculations
              </span>
            </span>
          </label>
        </td>
      </tr>
      <tr
        class="css-11ta1vk"
        role="row"
        style="position: absolute; left: 0px; top: 280px; height: 70px; width: 100%;"
      >
        <td
          class="css-i7qwz0"
          role="gridcell"
        >
          <label
            class="chakra-checkbox css-1uiwwan"
          >
            <input
              aria-disabled="false"
              checked=""
              class="chakra-checkbox__input"
              style="border: 0px; clip: rect(0px, 0px, 0px, 0px); height: 1px; width: 1px; margin: -1px; padding: 0px; overflow: hidden; white-space: nowrap; position: absolute;"
              type="checkbox"
              value=""
            />
            <span
              aria-hidden="true"
              class="chakra-checkbox__control css-dnty2r"
              data-checked=""
            >
              <div
                style="display: flex; align-items: center; justify-content: center; height: 100%; transform: none;"
              >
                <svg
                  class="css-f5ntj6"
                  style="fill: none; stroke-width: 2; stroke: currentColor; stroke-dasharray: 16; opacity: 1; stroke-dashoffset: 0;"
                  viewBox="0 0 12 10"
                >
                  <polyline
                    points="1.5 6 4.5 9 10.5 1"
                  />
                </svg>
              </div>
            </span>
            <span
              class="chakra-checkbox__label css-1oeb2oe"
              data-checked=""
            >
              <span
                class="css-f8n5zr"
              >
                Include this variant in calculations
              </span>
            </span>
          </label>
        </td>
        <td
          class="css-12lsreq"
          role="gridcell"
        >
          <button
            aria-label="View note"
            class="chakra-button css-1jyk1h1"
            type="button"
          >
            <svg
              aria-hidden="true"
              class="chakra-icon css-onkibi"
              focusable="false"
              viewBox="0 0 24 24"
            >
              <g
                fill="currentColor"
              >
                <path
                  d="M23.432,10.524C20.787,7.614,16.4,4.538,12,4.6,7.6,4.537,3.213,7.615.568,10.524a2.211,2.211,0,0,0,0,2.948C3.182,16.351,7.507,19.4,11.839,19.4h.308c4.347,0,8.671-3.049,11.288-5.929A2.21,2.21,0,0,0,23.432,10.524ZM7.4,12A4.6,4.6,0,1,1,12,16.6,4.6,4.6,0,0,1,7.4,12Z"
                />
                <circle
                  cx="12"
                  cy="12"
                  r="2"
                />
              </g>
            </svg>
          </button>
        </td>
        <td
          class="css-1y7yn9h"
          role="gridcell"
        >
          <span
            style="display: inline-block; max-width: 190px; overflow: hidden; text-overflow: ellipsis; white-space: nowrap;"
          >
            <a
              class="chakra-link css-0"
              href="https://gnomad.broadinstitute.org/variant/12-123-A-C?dataset=gnomad_r2_1"
              rel="noopener noreferrer"
              target="_blank"
            >
              12-123-A-C
            </a>
          </span>
        </td>
        <td
          class="css-1p7j3u3"
          role="gridcell"
        />
        <td
          class="css-1p7j3u3"
          role="gridcell"
        />
        <td
          class="css-grmld7"
          role="gridcell"
        />
        <td
          class="css-b9nz67"
          role="gridcell"
        />
        <td
          class="css-5gkx6n"
          role="gridcell"
        >
          <span
            style="display: inline-block; max-width: 110px; overflow: hidden; text-overflow: ellipsis; white-space: nowrap;"
          />
        </td>
        <td
          class="css-5gkx6n"
          role="gridcell"
        >
          <span
            style="display: inline-block; max-width: 110px; overflow: hidden; text-overflow: ellipsis; white-space: nowrap;"
          />
        </td>
        <td
          class="css-cdmfs8"
          role="gridcell"
        />
        <td
          class="css-1y5g8v1"
          data-is-numeric="true"
          role="gridcell"
        >
          <div
            class="css-afqgfm"
          >
            <span>
              0
            </span>
          </div>
        </td>
        <td
          class="css-q6ncm1"
          data-is-numeric="true"
          role="gridcell"
        >
          <div
            class="css-1y4kgfw"
          >
            0
          </div>
        </td>
        <td
          class="css-5gkx6n"
          data-is-numeric="true"
          role="gridcell"
        >
          <div
            class="css-1y4kgfw"
          >
            0
          </div>
        </td>
        <td
          class="css-cdmfs8"
          role="gridcell"
        >
          Custom
        </td>
        <td
          class="css-i7qwz0"
          role="gridcell"
        >
          <label
            class="chakra-checkbox css-1uiwwan"
          >
            <input
              class="chakra-checkbox__input"
              style="border: 0px; clip: rect(0px, 0px, 0px, 0px); height: 1px; width: 1px; margin: -1px; padding: 0px; overflow: hidden; white-space: nowrap; position: absolute;"
              type="checkbox"
              value=""
            />
            <span
              aria-hidden="true"
              class="chakra-checkbox__control css-dnty2r"
            />
            <span
              class="chakra-checkbox__label css-1oeb2oe"
            >
              <span
                class="css-f8n5zr"
              >
                Exclude this variant from calculations
              </span>
            </span>
          </label>
        </td>
      </tr>
    </tbody>
  </table>
</DocumentFragment>
`;
